[1m@storybook/core v8.5.8
[22m
info => Cleaning outputDir: [36m../../../../../../../tmp/chromatic--4177962-41xcx8uh24aq[39m
info => Loading presets
info => Building manager..
WARN unable to find package.json for @chromatic-com/shared-e2e
WARN unable to find package.json for @rrweb/types
WARN unable to find package.json for @storybook/types
WARN unable to find package.json for express
info => Manager built ([38;2;181;126;229m68 ms[39m)
info => Building preview..
info Addon-docs: using MDX3
info => Using implicit CSS loaders
info => Using default Webpack5 setup
info => Copying static files: [36mtest-results/chromatic-archives/archive[39m at [36m../../../../../../../tmp/chromatic--4177962-41xcx8uh24aq[39m
WARN asset size limit: The following asset(s) exceed the recommended size limit (244 KiB).
WARN This can impact web performance.
WARN Assets: 
WARN   642.f6694118.iframe.bundle.js (1.35 MiB)
info => Preview built ([38;2;181;126;229m4.28 s[39m)
info => Output directory: /tmp/chromatic--4177962-41xcx8uh24aq
